<html>
<body>
<pre>
<h1>µVision Build Log</h1>
<h2>Project:</h2>
C:\ARM\ARM\GSM PROJECT\INDUSTRIAL_AUTOMATION_GSM\INDUSTRIAL_AUTO.uvproj
Project File Date:  12/29/2024

<h2>Output:</h2>
Build target 'Target 1'
linking...
Program Size: Code=3280 RO-data=432 RW-data=0 ZI-data=1256  
"INDUSTRIAL_AUTO.axf" - 0 Error(s), 0 Warning(s).
Build target 'Target 1'
linking...
Program Size: Code=3552 RO-data=432 RW-data=0 ZI-data=1256  
FromELF: creating hex file...
"INDUSTRIAL_AUTO.axf" - 0 Error(s), 0 Warning(s).
